I'm sorry, but errors were detected in your script. Please correct the
errors listed below, and try again.


File "game/MusicRoom.rpy", line 12: expected a keyword argument, colon, or end of line.
    add Movie"gui/main_menu/main_menu.webm"
             ^

Ren'Py Version: Ren'Py 8.3.7.25031702
Sat Aug 16 20:03:48 2025
